0 verbose cli /data/data/com.termux/files/usr/bin/node /data/data/com.termux/files/usr/bin/npm
1 info using npm@11.14.1
2 info using node@v25.8.2
3 silly config load:file:/data/data/com.termux/files/usr/lib/node_modules/npm/npmrc
4 silly config load:file:/data/data/com.termux/files/home/.npmrc
5 silly config load:file:/data/data/com.termux/files/usr/etc/npmrc
6 verbose title npm install express cors dotenv
7 verbose argv "install" "express" "cors" "dotenv"
8 verbose logfile logs-max:10 dir:/data/data/com.termux/files/home/.npm/_logs/2026-05-12T16_40_46_741Z-
9 verbose logfile /data/data/com.termux/files/home/.npm/_logs/2026-05-12T16_40_46_741Z-debug-0.log
10 silly logfile done cleaning log files
11 silly packumentCache heap:1174405120 maxSize:293601280 maxEntrySize:146800640
12 silly idealTree buildDeps
13 silly fetch manifest express@*
14 silly packumentCache full:https://registry.npmjs.org/express cache-miss
15 http fetch GET 200 https://registry.npmjs.org/express 309ms (cache revalidated)
16 silly packumentCache full:https://registry.npmjs.org/express set size:804926 disposed:false
17 silly fetch manifest cors@*
18 silly packumentCache full:https://registry.npmjs.org/cors cache-miss
19 http fetch GET 200 https://registry.npmjs.org/cors 84ms (cache revalidated)
20 silly packumentCache full:https://registry.npmjs.org/cors set size:77956 disposed:false
21 silly fetch manifest dotenv@*
22 silly packumentCache full:https://registry.npmjs.org/dotenv cache-miss
23 http fetch GET 200 https://registry.npmjs.org/dotenv 72ms (cache revalidated)
24 silly packumentCache full:https://registry.npmjs.org/dotenv set size:277832 disposed:false
25 silly placeDep ROOT cors@2.8.6 REPLACE for: dojj-api@1.0.0 want: *
26 silly placeDep ROOT dotenv@17.4.2 REPLACE for: dojj-api@1.0.0 want: *
27 silly placeDep ROOT express@5.2.1 REPLACE for: dojj-api@1.0.0 want: *
28 silly reify moves {}
29 silly audit bulk request {
29 silly audit   accepts: [ '2.0.0' ],
29 silly audit   'body-parser': [ '2.2.2' ],
29 silly audit   bytes: [ '3.1.2' ],
29 silly audit   'call-bind-apply-helpers': [ '1.0.2' ],
29 silly audit   'call-bound': [ '1.0.4' ],
29 silly audit   'content-disposition': [ '1.1.0' ],
29 silly audit   'content-type': [ '1.0.5' ],
29 silly audit   cookie: [ '0.7.2' ],
29 silly audit   'cookie-signature': [ '1.2.2' ],
29 silly audit   debug: [ '4.4.3' ],
29 silly audit   depd: [ '2.0.0' ],
29 silly audit   'dunder-proto': [ '1.0.1' ],
29 silly audit   'ee-first': [ '1.1.1' ],
29 silly audit   encodeurl: [ '2.0.0' ],
29 silly audit   'es-define-property': [ '1.0.1' ],
29 silly audit   'es-errors': [ '1.3.0' ],
29 silly audit   'es-object-atoms': [ '1.1.1' ],
29 silly audit   'escape-html': [ '1.0.3' ],
29 silly audit   etag: [ '1.8.1' ],
29 silly audit   finalhandler: [ '2.1.1' ],
29 silly audit   forwarded: [ '0.2.0' ],
29 silly audit   fresh: [ '2.0.0' ],
29 silly audit   'function-bind': [ '1.1.2' ],
29 silly audit   'get-intrinsic': [ '1.3.0' ],
29 silly audit   'get-proto': [ '1.0.1' ],
29 silly audit   gopd: [ '1.2.0' ],
29 silly audit   'has-symbols': [ '1.1.0' ],
29 silly audit   hasown: [ '2.0.3' ],
29 silly audit   'http-errors': [ '2.0.1' ],
29 silly audit   'iconv-lite': [ '0.7.2' ],
29 silly audit   inherits: [ '2.0.4' ],
29 silly audit   'ipaddr.js': [ '1.9.1' ],
29 silly audit   'is-promise': [ '4.0.0' ],
29 silly audit   'math-intrinsics': [ '1.1.0' ],
29 silly audit   'media-typer': [ '1.1.0' ],
29 silly audit   'merge-descriptors': [ '2.0.0' ],
29 silly audit   'mime-db': [ '1.54.0' ],
29 silly audit   'mime-types': [ '3.0.2' ],
29 silly audit   ms: [ '2.1.3' ],
29 silly audit   negotiator: [ '1.0.0' ],
29 silly audit   'object-assign': [ '4.1.1' ],
29 silly audit   'object-inspect': [ '1.13.4' ],
29 silly audit   'on-finished': [ '2.4.1' ],
29 silly audit   once: [ '1.4.0' ],
29 silly audit   parseurl: [ '1.3.3' ],
29 silly audit   'path-to-regexp': [ '8.4.2' ],
29 silly audit   'proxy-addr': [ '2.0.7' ],
29 silly audit   qs: [ '6.15.1' ],
29 silly audit   'range-parser': [ '1.2.1' ],
29 silly audit   'raw-body': [ '3.0.2' ],
29 silly audit   router: [ '2.2.0' ],
29 silly audit   'safer-buffer': [ '2.1.2' ],
29 silly audit   send: [ '1.2.1' ],
29 silly audit   'serve-static': [ '2.2.1' ],
29 silly audit   setprototypeof: [ '1.2.0' ],
29 silly audit   'side-channel': [ '1.1.0' ],
29 silly audit   'side-channel-list': [ '1.0.1' ],
29 silly audit   'side-channel-map': [ '1.0.1' ],
29 silly audit   'side-channel-weakmap': [ '1.0.2' ],
29 silly audit   statuses: [ '2.0.2' ],
29 silly audit   toidentifier: [ '1.0.1' ],
29 silly audit   'type-is': [ '2.0.1' ],
29 silly audit   unpipe: [ '1.0.0' ],
29 silly audit   vary: [ '1.1.2' ],
29 silly audit   wrappy: [ '1.0.2' ],
29 silly audit   cors: [ '2.8.6' ],
29 silly audit   dotenv: [ '17.4.2' ],
29 silly audit   express: [ '5.2.1' ]
29 silly audit }
30 http fetch POST 200 https://registry.npmjs.org/-/npm/v1/security/advisories/bulk 142ms
31 silly audit report {}
32 verbose cwd /data/data/com.termux/files/home
33 verbose os Linux 6.1.138-android14-11
34 verbose node v25.8.2
35 verbose npm  v11.14.1
36 verbose exit 0
37 info ok
